Analysis & Synthesis report for ifu_top
Tue Aug 18 11:39:12 2020
Quartus Prime Version 17.1.0 Build 590 10/25/2017 SJ Standard Edition


---------------------
; Table of Contents ;
---------------------
  1. Legal Notice
  2. Analysis & Synthesis Summary
  3. Analysis & Synthesis Settings
  4. Parallel Compilation
  5. Analysis & Synthesis Source Files Read
  6. Analysis & Synthesis Resource Usage Summary
  7. Analysis & Synthesis Resource Utilization by Entity
  8. State Machine - |ifu_top|bus_if:bus_if_0|state
  9. Registers Removed During Synthesis
 10. Removed Registers Triggering Further Register Optimizations
 11. General Register Statistics
 12. Multiplexer Restructuring Statistics (Restructuring Performed)
 13. Port Connectivity Checks: "if_reg:if_reg_0"
 14. Port Connectivity Checks: "bus_if:bus_if_0"
 15. Post-Synthesis Netlist Statistics for Top Partition
 16. Elapsed Time Per Partition
 17. Analysis & Synthesis Messages



----------------
; Legal Notice ;
----------------
Copyright (C) 2017  Intel Corporation. All rights reserved.
Your use of Intel Corporation's design tools, logic functions 
and other software and tools, and its AMPP partner logic 
functions, and any output files from any of the foregoing 
(including device programming or simulation files), and any 
associated documentation or information are expressly subject 
to the terms and conditions of the Intel Program License 
Subscription Agreement, the Intel Quartus Prime License Agreement,
the Intel FPGA IP License Agreement, or other applicable license
agreement, including, without limitation, that your use is for
the sole purpose of programming logic devices manufactured by
Intel and sold by Intel or its authorized distributors.  Please
refer to the applicable agreement for further details.



+--------------------------------------------------------------------------------------+
; Analysis & Synthesis Summary                                                         ;
+------------------------------------+-------------------------------------------------+
; Analysis & Synthesis Status        ; Successful - Tue Aug 18 11:39:12 2020           ;
; Quartus Prime Version              ; 17.1.0 Build 590 10/25/2017 SJ Standard Edition ;
; Revision Name                      ; ifu_top                                         ;
; Top-level Entity Name              ; ifu_top                                         ;
; Family                             ; Cyclone IV E                                    ;
; Total logic elements               ; 61                                              ;
;     Total combinational functions  ; 61                                              ;
;     Dedicated logic registers      ; 31                                              ;
; Total registers                    ; 31                                              ;
; Total pins                         ; 292                                             ;
; Total virtual pins                 ; 0                                               ;
; Total memory bits                  ; 0                                               ;
; Embedded Multiplier 9-bit elements ; 0                                               ;
; Total PLLs                         ; 0                                               ;
+------------------------------------+-------------------------------------------------+


+----------------------------------------------------------------------------------------------------------------------+
; Analysis & Synthesis Settings                                                                                        ;
+----------------------------------------------------------------------------+--------------------+--------------------+
; Option                                                                     ; Setting            ; Default Value      ;
+----------------------------------------------------------------------------+--------------------+--------------------+
; Device                                                                     ; EP4CE15F23C8       ;                    ;
; Top-level entity name                                                      ; ifu_top            ; ifu_top            ;
; Family name                                                                ; Cyclone IV E       ; Cyclone V          ;
; Use smart compilation                                                      ; Off                ; Off                ;
; Enable parallel Assembler and TimeQuest Timing Analyzer during compilation ; On                 ; On                 ;
; Enable compact report table                                                ; Off                ; Off                ;
; Restructure Multiplexers                                                   ; Auto               ; Auto               ;
; Create Debugging Nodes for IP Cores                                        ; Off                ; Off                ;
; Preserve fewer node names                                                  ; On                 ; On                 ;
; Intel FPGA IP Evaluation Mode                                              ; Enable             ; Enable             ;
; Verilog Version                                                            ; Verilog_2001       ; Verilog_2001       ;
; VHDL Version                                                               ; VHDL_1993          ; VHDL_1993          ;
; State Machine Processing                                                   ; Auto               ; Auto               ;
; Safe State Machine                                                         ; Off                ; Off                ;
; Extract Verilog State Machines                                             ; On                 ; On                 ;
; Extract VHDL State Machines                                                ; On                 ; On                 ;
; Ignore Verilog initial constructs                                          ; Off                ; Off                ;
; Iteration limit for constant Verilog loops                                 ; 5000               ; 5000               ;
; Iteration limit for non-constant Verilog loops                             ; 250                ; 250                ;
; Add Pass-Through Logic to Inferred RAMs                                    ; On                 ; On                 ;
; Infer RAMs from Raw Logic                                                  ; On                 ; On                 ;
; Parallel Synthesis                                                         ; On                 ; On                 ;
; DSP Block Balancing                                                        ; Auto               ; Auto               ;
; NOT Gate Push-Back                                                         ; On                 ; On                 ;
; Power-Up Don't Care                                                        ; On                 ; On                 ;
; Remove Redundant Logic Cells                                               ; Off                ; Off                ;
; Remove Duplicate Registers                                                 ; On                 ; On                 ;
; Ignore CARRY Buffers                                                       ; Off                ; Off                ;
; Ignore CASCADE Buffers                                                     ; Off                ; Off                ;
; Ignore GLOBAL Buffers                                                      ; Off                ; Off                ;
; Ignore ROW GLOBAL Buffers                                                  ; Off                ; Off                ;
; Ignore LCELL Buffers                                                       ; Off                ; Off                ;
; Ignore SOFT Buffers                                                        ; On                 ; On                 ;
; Limit AHDL Integers to 32 Bits                                             ; Off                ; Off                ;
; Optimization Technique                                                     ; Balanced           ; Balanced           ;
; Carry Chain Length                                                         ; 70                 ; 70                 ;
; Auto Carry Chains                                                          ; On                 ; On                 ;
; Auto Open-Drain Pins                                                       ; On                 ; On                 ;
; Perform WYSIWYG Primitive Resynthesis                                      ; Off                ; Off                ;
; Auto ROM Replacement                                                       ; On                 ; On                 ;
; Auto RAM Replacement                                                       ; On                 ; On                 ;
; Auto DSP Block Replacement                                                 ; On                 ; On                 ;
; Auto Shift Register Replacement                                            ; Auto               ; Auto               ;
; Allow Shift Register Merging across Hierarchies                            ; Auto               ; Auto               ;
; Auto Clock Enable Replacement                                              ; On                 ; On                 ;
; Strict RAM Replacement                                                     ; Off                ; Off                ;
; Allow Synchronous Control Signals                                          ; On                 ; On                 ;
; Force Use of Synchronous Clear Signals                                     ; Off                ; Off                ;
; Auto RAM Block Balancing                                                   ; On                 ; On                 ;
; Auto RAM to Logic Cell Conversion                                          ; Off                ; Off                ;
; Auto Resource Sharing                                                      ; Off                ; Off                ;
; Allow Any RAM Size For Recognition                                         ; Off                ; Off                ;
; Allow Any ROM Size For Recognition                                         ; Off                ; Off                ;
; Allow Any Shift Register Size For Recognition                              ; Off                ; Off                ;
; Use LogicLock Constraints during Resource Balancing                        ; On                 ; On                 ;
; Ignore translate_off and synthesis_off directives                          ; Off                ; Off                ;
; Timing-Driven Synthesis                                                    ; On                 ; On                 ;
; Report Parameter Settings                                                  ; On                 ; On                 ;
; Report Source Assignments                                                  ; On                 ; On                 ;
; Report Connectivity Checks                                                 ; On                 ; On                 ;
; Ignore Maximum Fan-Out Assignments                                         ; Off                ; Off                ;
; Synchronization Register Chain Length                                      ; 2                  ; 2                  ;
; Power Optimization During Synthesis                                        ; Normal compilation ; Normal compilation ;
; HDL message level                                                          ; Level2             ; Level2             ;
; Suppress Register Optimization Related Messages                            ; Off                ; Off                ;
; Number of Removed Registers Reported in Synthesis Report                   ; 5000               ; 5000               ;
; Number of Swept Nodes Reported in Synthesis Report                         ; 5000               ; 5000               ;
; Number of Inverted Registers Reported in Synthesis Report                  ; 100                ; 100                ;
; Clock MUX Protection                                                       ; On                 ; On                 ;
; Auto Gated Clock Conversion                                                ; Off                ; Off                ;
; Block Design Naming                                                        ; Auto               ; Auto               ;
; SDC constraint protection                                                  ; Off                ; Off                ;
; Synthesis Effort                                                           ; Auto               ; Auto               ;
; Shift Register Replacement - Allow Asynchronous Clear Signal               ; On                 ; On                 ;
; Pre-Mapping Resynthesis Optimization                                       ; Off                ; Off                ;
; Analysis & Synthesis Message Level                                         ; Medium             ; Medium             ;
; Disable Register Merging Across Hierarchies                                ; Auto               ; Auto               ;
; Resource Aware Inference For Block RAM                                     ; On                 ; On                 ;
+----------------------------------------------------------------------------+--------------------+--------------------+


+------------------------------------------+
; Parallel Compilation                     ;
+----------------------------+-------------+
; Processors                 ; Number      ;
+----------------------------+-------------+
; Number detected on machine ; 6           ;
; Maximum allowed            ; 6           ;
;                            ;             ;
; Average used               ; 1.00        ;
; Maximum used               ; 6           ;
;                            ;             ;
; Usage by Processor         ; % Time Used ;
;     Processor 1            ; 100.0%      ;
;     Processors 2-6         ;   0.0%      ;
+----------------------------+-------------+


+---------------------------------------------------------------------------------------------------------------------------------------------------+
; Analysis & Synthesis Source Files Read                                                                                                            ;
+----------------------------------+-----------------+------------------------+-----------------------------------------------------------+---------+
; File Name with User-Entered Path ; Used in Netlist ; File Type              ; File Name with Absolute Path                              ; Library ;
+----------------------------------+-----------------+------------------------+-----------------------------------------------------------+---------+
; ../../../../global_config.h      ; yes             ; User File              ; E:/FPGA/code/xSoc/chip_top/global_config.h                ;         ;
; ../if_reg/if_reg.v               ; yes             ; User Verilog HDL File  ; E:/FPGA/code/xSoc/chip_top/chip/cpu/ifu/if_reg/if_reg.v   ;         ;
; ../../isa.h                      ; yes             ; User File              ; E:/FPGA/code/xSoc/chip_top/chip/cpu/isa.h                 ;         ;
; ../../cpu.h                      ; yes             ; User File              ; E:/FPGA/code/xSoc/chip_top/chip/cpu/cpu.h                 ;         ;
; ../bus_if/bus_if.v               ; yes             ; User Verilog HDL File  ; E:/FPGA/code/xSoc/chip_top/chip/cpu/ifu/bus_if/bus_if.v   ;         ;
; ../bus_if/bus_if.h               ; yes             ; User File              ; E:/FPGA/code/xSoc/chip_top/chip/cpu/ifu/bus_if/bus_if.h   ;         ;
; ifu_top.v                        ; yes             ; User Verilog HDL File  ; E:/FPGA/code/xSoc/chip_top/chip/cpu/ifu/ifu_top/ifu_top.v ;         ;
+----------------------------------+-----------------+------------------------+-----------------------------------------------------------+---------+


+---------------------------------------------------------+
; Analysis & Synthesis Resource Usage Summary             ;
+---------------------------------------------+-----------+
; Resource                                    ; Usage     ;
+---------------------------------------------+-----------+
; Estimated Total logic elements              ; 61        ;
;                                             ;           ;
; Total combinational functions               ; 61        ;
; Logic element usage by number of LUT inputs ;           ;
;     -- 4 input functions                    ; 0         ;
;     -- 3 input functions                    ; 30        ;
;     -- <=2 input functions                  ; 31        ;
;                                             ;           ;
; Logic elements by mode                      ;           ;
;     -- normal mode                          ; 32        ;
;     -- arithmetic mode                      ; 29        ;
;                                             ;           ;
; Total registers                             ; 31        ;
;     -- Dedicated logic registers            ; 31        ;
;     -- I/O registers                        ; 0         ;
;                                             ;           ;
; I/O pins                                    ; 292       ;
;                                             ;           ;
; Embedded Multiplier 9-bit elements          ; 0         ;
;                                             ;           ;
; Maximum fan-out node                        ; clk~input ;
; Maximum fan-out                             ; 31        ;
; Total fan-out                               ; 687       ;
; Average fan-out                             ; 1.02      ;
+---------------------------------------------+-----------+


+---------------------------------------------------------------------------------------------------------------------------------------------------------------------------------------------------------------+
; Analysis & Synthesis Resource Utilization by Entity                                                                                                                                                           ;
+----------------------------+---------------------+---------------------------+-------------+--------------+---------+-----------+------+--------------+--------------------------+-------------+--------------+
; Compilation Hierarchy Node ; Combinational ALUTs ; Dedicated Logic Registers ; Memory Bits ; DSP Elements ; DSP 9x9 ; DSP 18x18 ; Pins ; Virtual Pins ; Full Hierarchy Name      ; Entity Name ; Library Name ;
+----------------------------+---------------------+---------------------------+-------------+--------------+---------+-----------+------+--------------+--------------------------+-------------+--------------+
; |ifu_top                   ; 61 (0)              ; 31 (0)                    ; 0           ; 0            ; 0       ; 0         ; 292  ; 0            ; |ifu_top                 ; ifu_top     ; work         ;
;    |if_reg:if_reg_0|       ; 61 (61)             ; 31 (31)                   ; 0           ; 0            ; 0       ; 0         ; 0    ; 0            ; |ifu_top|if_reg:if_reg_0 ; if_reg      ; work         ;
+----------------------------+---------------------+---------------------------+-------------+--------------+---------+-----------+------+--------------+--------------------------+-------------+--------------+
Note: For table entries with two numbers listed, the numbers in parentheses indicate the number of resources of the given type used by the specific entity alone. The numbers listed outside of parentheses indicate the total resources of the given type used by the specific entity and all of its sub-entities in the hierarchy.


Encoding Type:  One-Hot
+------------------------------------------------------+
; State Machine - |ifu_top|bus_if:bus_if_0|state       ;
+----------+----------+----------+----------+----------+
; Name     ; state.11 ; state.10 ; state.01 ; state.00 ;
+----------+----------+----------+----------+----------+
; state.00 ; 0        ; 0        ; 0        ; 0        ;
; state.01 ; 0        ; 0        ; 1        ; 1        ;
; state.10 ; 0        ; 1        ; 0        ; 1        ;
; state.11 ; 1        ; 0        ; 0        ; 1        ;
+----------+----------+----------+----------+----------+


+---------------------------------------------------------------------------------------+
; Registers Removed During Synthesis                                                    ;
+-----------------------------------------+---------------------------------------------+
; Register name                           ; Reason for Removal                          ;
+-----------------------------------------+---------------------------------------------+
; if_reg:if_reg_0|if_insn[1..31]          ; Stuck at GND due to stuck port data_in      ;
; bus_if:bus_if_0|bus_addr[1..29]         ; Merged with bus_if:bus_if_0|bus_addr[0]     ;
; bus_if:bus_if_0|bus_rw                  ; Merged with bus_if:bus_if_0|bus_addr[0]     ;
; bus_if:bus_if_0|bus_wr_data[0..31]      ; Merged with bus_if:bus_if_0|bus_addr[0]     ;
; bus_if:bus_if_0|bus_addr[0]             ; Stuck at GND due to stuck port data_in      ;
; bus_if:bus_if_0|bus_req_                ; Stuck at VCC due to stuck port data_in      ;
; bus_if:bus_if_0|state~5                 ; Lost fanout                                 ;
; bus_if:bus_if_0|state~6                 ; Lost fanout                                 ;
; bus_if:bus_if_0|state.01                ; Stuck at GND due to stuck port data_in      ;
; bus_if:bus_if_0|state.10                ; Stuck at GND due to stuck port data_in      ;
; bus_if:bus_if_0|rd_buf[0]               ; Stuck at GND due to stuck port clock_enable ;
; if_reg:if_reg_0|if_insn[0]              ; Stuck at GND due to stuck port data_in      ;
; bus_if:bus_if_0|state.11                ; Stuck at GND due to stuck port data_in      ;
; bus_if:bus_if_0|state.00                ; Stuck at GND due to stuck port data_in      ;
; bus_if:bus_if_0|bus_as_                 ; Stuck at VCC due to stuck port data_in      ;
; Total Number of Removed Registers = 104 ;                                             ;
+-----------------------------------------+---------------------------------------------+


+-----------------------------------------------------------------------------------------------------------------+
; Removed Registers Triggering Further Register Optimizations                                                     ;
+-----------------------------+---------------------------+-------------------------------------------------------+
; Register name               ; Reason for Removal        ; Registers Removed due to This Register                ;
+-----------------------------+---------------------------+-------------------------------------------------------+
; bus_if:bus_if_0|bus_addr[0] ; Stuck at GND              ; bus_if:bus_if_0|rd_buf[0], if_reg:if_reg_0|if_insn[0] ;
;                             ; due to stuck port data_in ;                                                       ;
; if_reg:if_reg_0|if_insn[31] ; Stuck at GND              ; if_reg:if_reg_0|if_insn[2]                            ;
;                             ; due to stuck port data_in ;                                                       ;
; if_reg:if_reg_0|if_insn[29] ; Stuck at GND              ; if_reg:if_reg_0|if_insn[3]                            ;
;                             ; due to stuck port data_in ;                                                       ;
; if_reg:if_reg_0|if_insn[27] ; Stuck at GND              ; if_reg:if_reg_0|if_insn[4]                            ;
;                             ; due to stuck port data_in ;                                                       ;
; if_reg:if_reg_0|if_insn[25] ; Stuck at GND              ; if_reg:if_reg_0|if_insn[5]                            ;
;                             ; due to stuck port data_in ;                                                       ;
; if_reg:if_reg_0|if_insn[23] ; Stuck at GND              ; if_reg:if_reg_0|if_insn[6]                            ;
;                             ; due to stuck port data_in ;                                                       ;
; if_reg:if_reg_0|if_insn[21] ; Stuck at GND              ; if_reg:if_reg_0|if_insn[7]                            ;
;                             ; due to stuck port data_in ;                                                       ;
; if_reg:if_reg_0|if_insn[19] ; Stuck at GND              ; if_reg:if_reg_0|if_insn[8]                            ;
;                             ; due to stuck port data_in ;                                                       ;
; if_reg:if_reg_0|if_insn[17] ; Stuck at GND              ; if_reg:if_reg_0|if_insn[9]                            ;
;                             ; due to stuck port data_in ;                                                       ;
; if_reg:if_reg_0|if_insn[15] ; Stuck at GND              ; if_reg:if_reg_0|if_insn[10]                           ;
;                             ; due to stuck port data_in ;                                                       ;
; if_reg:if_reg_0|if_insn[13] ; Stuck at GND              ; if_reg:if_reg_0|if_insn[11]                           ;
;                             ; due to stuck port data_in ;                                                       ;
; bus_if:bus_if_0|state.01    ; Stuck at GND              ; bus_if:bus_if_0|bus_as_                               ;
;                             ; due to stuck port data_in ;                                                       ;
; bus_if:bus_if_0|state.10    ; Stuck at GND              ; bus_if:bus_if_0|state.00                              ;
;                             ; due to stuck port data_in ;                                                       ;
+-----------------------------+---------------------------+-------------------------------------------------------+


+------------------------------------------------------+
; General Register Statistics                          ;
+----------------------------------------------+-------+
; Statistic                                    ; Value ;
+----------------------------------------------+-------+
; Total registers                              ; 31    ;
; Number of registers using Synchronous Clear  ; 0     ;
; Number of registers using Synchronous Load   ; 30    ;
; Number of registers using Asynchronous Clear ; 31    ;
; Number of registers using Asynchronous Load  ; 0     ;
; Number of registers using Clock Enable       ; 31    ;
; Number of registers using Preset             ; 0     ;
+----------------------------------------------+-------+


+---------------------------------------------------------------------------------------------------------------------------------------------------+
; Multiplexer Restructuring Statistics (Restructuring Performed)                                                                                    ;
+--------------------+-----------+---------------+----------------------+------------------------+------------+-------------------------------------+
; Multiplexer Inputs ; Bus Width ; Baseline Area ; Area if Restructured ; Saving if Restructured ; Registered ; Example Multiplexer Output          ;
+--------------------+-----------+---------------+----------------------+------------------------+------------+-------------------------------------+
; 3:1                ; 30 bits   ; 60 LEs        ; 60 LEs               ; 0 LEs                  ; Yes        ; |ifu_top|if_reg:if_reg_0|if_pc[15]  ;
; 7:1                ; 2 bits    ; 8 LEs         ; 4 LEs                ; 4 LEs                  ; No         ; |ifu_top|bus_if:bus_if_0|Selector35 ;
; 7:1                ; 2 bits    ; 8 LEs         ; 4 LEs                ; 4 LEs                  ; No         ; |ifu_top|bus_if:bus_if_0|Selector36 ;
+--------------------+-----------+---------------+----------------------+------------------------+------------+-------------------------------------+


+--------------------------------------------------------------------------------------------------------------------------------------------------------------------------+
; Port Connectivity Checks: "if_reg:if_reg_0"                                                                                                                              ;
+------+-------+----------+------------------------------------------------------------------------------------------------------------------------------------------------+
; Port ; Type  ; Severity ; Details                                                                                                                                        ;
+------+-------+----------+------------------------------------------------------------------------------------------------------------------------------------------------+
; insn ; Input ; Warning  ; Input port expression (1 bits) is smaller than the input port (32 bits) it drives.  Extra input bit(s) "insn[31..1]" will be connected to GND. ;
+------+-------+----------+------------------------------------------------------------------------------------------------------------------------------------------------+


+----------------------------------------------------------------------------------------------------------------------------------------------------------------+
; Port Connectivity Checks: "bus_if:bus_if_0"                                                                                                                    ;
+-------------+--------+----------+------------------------------------------------------------------------------------------------------------------------------+
; Port        ; Type   ; Severity ; Details                                                                                                                      ;
+-------------+--------+----------+------------------------------------------------------------------------------------------------------------------------------+
; as_         ; Input  ; Info     ; Stuck at VCC                                                                                                                 ;
; rw          ; Input  ; Info     ; Stuck at GND                                                                                                                 ;
; wr_data     ; Input  ; Info     ; Stuck at GND                                                                                                                 ;
; rd_data     ; Output ; Warning  ; Output or bidir port (32 bits) is wider than the port expression (1 bits) it drives; bit(s) "rd_data[31..1]" have no fanouts ;
; spm_wr_data ; Output ; Info     ; Explicitly unconnected                                                                                                       ;
+-------------+--------+----------+------------------------------------------------------------------------------------------------------------------------------+


+-----------------------------------------------------+
; Post-Synthesis Netlist Statistics for Top Partition ;
+-----------------------+-----------------------------+
; Type                  ; Count                       ;
+-----------------------+-----------------------------+
; boundary_port         ; 292                         ;
; cycloneiii_ff         ; 31                          ;
;     ENA CLR           ; 1                           ;
;     ENA CLR SLD       ; 30                          ;
; cycloneiii_lcell_comb ; 63                          ;
;     arith             ; 29                          ;
;         2 data inputs ; 29                          ;
;     normal            ; 34                          ;
;         0 data inputs ; 2                           ;
;         1 data inputs ; 2                           ;
;         3 data inputs ; 30                          ;
;                       ;                             ;
; Max LUT depth         ; 4.90                        ;
; Average LUT depth     ; 2.58                        ;
+-----------------------+-----------------------------+


+-------------------------------+
; Elapsed Time Per Partition    ;
+----------------+--------------+
; Partition Name ; Elapsed Time ;
+----------------+--------------+
; Top            ; 00:00:00     ;
+----------------+--------------+


+-------------------------------+
; Analysis & Synthesis Messages ;
+-------------------------------+
Info: *******************************************************************
Info: Running Quartus Prime Analysis & Synthesis
    Info: Version 17.1.0 Build 590 10/25/2017 SJ Standard Edition
    Info: Processing started: Tue Aug 18 11:39:04 2020
Info: Command: quartus_map --read_settings_files=on --write_settings_files=off ifu_top -c ifu_top
Warning (18236): Number of processors has not been specified which may cause overloading on shared machines.  Set the global assignment NUM_PARALLEL_PROCESSORS in your QSF to an appropriate value for best performance.
Info (20030): Parallel compilation is enabled and will use 6 of the 6 processors detected
Info (12021): Found 1 design units, including 1 entities, in source file /fpga/code/xsoc/chip_top/chip/cpu/ifu/if_reg/if_reg.v
    Info (12023): Found entity 1: if_reg File: E:/FPGA/code/xSoc/chip_top/chip/cpu/ifu/if_reg/if_reg.v Line: 5
Info (12021): Found 1 design units, including 1 entities, in source file /fpga/code/xsoc/chip_top/chip/cpu/ifu/bus_if/bus_if.v
    Info (12023): Found entity 1: bus_if File: E:/FPGA/code/xSoc/chip_top/chip/cpu/ifu/bus_if/bus_if.v Line: 4
Info (12021): Found 1 design units, including 1 entities, in source file ifu_top.v
    Info (12023): Found entity 1: ifu_top File: E:/FPGA/code/xSoc/chip_top/chip/cpu/ifu/ifu_top/ifu_top.v Line: 2
Info (12127): Elaborating entity "ifu_top" for the top level hierarchy
Info (12128): Elaborating entity "bus_if" for hierarchy "bus_if:bus_if_0" File: E:/FPGA/code/xSoc/chip_top/chip/cpu/ifu/ifu_top/ifu_top.v Line: 114
Warning (10270): Verilog HDL Case Statement warning at bus_if.v(126): incomplete case statement has no default case item File: E:/FPGA/code/xSoc/chip_top/chip/cpu/ifu/bus_if/bus_if.v Line: 126
Info (10264): Verilog HDL Case Statement information at bus_if.v(126): all case item expressions in this case statement are onehot File: E:/FPGA/code/xSoc/chip_top/chip/cpu/ifu/bus_if/bus_if.v Line: 126
Info (12128): Elaborating entity "if_reg" for hierarchy "if_reg:if_reg_0" File: E:/FPGA/code/xSoc/chip_top/chip/cpu/ifu/ifu_top/ifu_top.v Line: 135
Warning (12241): 2 hierarchies have connectivity warnings - see the Connectivity Checks report folder
Warning (13024): Output pins are stuck at VCC or GND
    Warning (13410): Pin "if_insn[0]" is stuck at GND File: E:/FPGA/code/xSoc/chip_top/chip/cpu/ifu/ifu_top/ifu_top.v Line: 55
    Warning (13410): Pin "if_insn[1]" is stuck at GND File: E:/FPGA/code/xSoc/chip_top/chip/cpu/ifu/ifu_top/ifu_top.v Line: 55
    Warning (13410): Pin "if_insn[2]" is stuck at GND File: E:/FPGA/code/xSoc/chip_top/chip/cpu/ifu/ifu_top/ifu_top.v Line: 55
    Warning (13410): Pin "if_insn[3]" is stuck at GND File: E:/FPGA/code/xSoc/chip_top/chip/cpu/ifu/ifu_top/ifu_top.v Line: 55
    Warning (13410): Pin "if_insn[4]" is stuck at GND File: E:/FPGA/code/xSoc/chip_top/chip/cpu/ifu/ifu_top/ifu_top.v Line: 55
    Warning (13410): Pin "if_insn[5]" is stuck at GND File: E:/FPGA/code/xSoc/chip_top/chip/cpu/ifu/ifu_top/ifu_top.v Line: 55
    Warning (13410): Pin "if_insn[6]" is stuck at GND File: E:/FPGA/code/xSoc/chip_top/chip/cpu/ifu/ifu_top/ifu_top.v Line: 55
    Warning (13410): Pin "if_insn[7]" is stuck at GND File: E:/FPGA/code/xSoc/chip_top/chip/cpu/ifu/ifu_top/ifu_top.v Line: 55
    Warning (13410): Pin "if_insn[8]" is stuck at GND File: E:/FPGA/code/xSoc/chip_top/chip/cpu/ifu/ifu_top/ifu_top.v Line: 55
    Warning (13410): Pin "if_insn[9]" is stuck at GND File: E:/FPGA/code/xSoc/chip_top/chip/cpu/ifu/ifu_top/ifu_top.v Line: 55
    Warning (13410): Pin "if_insn[10]" is stuck at GND File: E:/FPGA/code/xSoc/chip_top/chip/cpu/ifu/ifu_top/ifu_top.v Line: 55
    Warning (13410): Pin "if_insn[11]" is stuck at GND File: E:/FPGA/code/xSoc/chip_top/chip/cpu/ifu/ifu_top/ifu_top.v Line: 55
    Warning (13410): Pin "if_insn[12]" is stuck at GND File: E:/FPGA/code/xSoc/chip_top/chip/cpu/ifu/ifu_top/ifu_top.v Line: 55
    Warning (13410): Pin "if_insn[13]" is stuck at GND File: E:/FPGA/code/xSoc/chip_top/chip/cpu/ifu/ifu_top/ifu_top.v Line: 55
    Warning (13410): Pin "if_insn[14]" is stuck at GND File: E:/FPGA/code/xSoc/chip_top/chip/cpu/ifu/ifu_top/ifu_top.v Line: 55
    Warning (13410): Pin "if_insn[15]" is stuck at GND File: E:/FPGA/code/xSoc/chip_top/chip/cpu/ifu/ifu_top/ifu_top.v Line: 55
    Warning (13410): Pin "if_insn[16]" is stuck at GND File: E:/FPGA/code/xSoc/chip_top/chip/cpu/ifu/ifu_top/ifu_top.v Line: 55
    Warning (13410): Pin "if_insn[17]" is stuck at GND File: E:/FPGA/code/xSoc/chip_top/chip/cpu/ifu/ifu_top/ifu_top.v Line: 55
    Warning (13410): Pin "if_insn[18]" is stuck at GND File: E:/FPGA/code/xSoc/chip_top/chip/cpu/ifu/ifu_top/ifu_top.v Line: 55
    Warning (13410): Pin "if_insn[19]" is stuck at GND File: E:/FPGA/code/xSoc/chip_top/chip/cpu/ifu/ifu_top/ifu_top.v Line: 55
    Warning (13410): Pin "if_insn[20]" is stuck at GND File: E:/FPGA/code/xSoc/chip_top/chip/cpu/ifu/ifu_top/ifu_top.v Line: 55
    Warning (13410): Pin "if_insn[21]" is stuck at GND File: E:/FPGA/code/xSoc/chip_top/chip/cpu/ifu/ifu_top/ifu_top.v Line: 55
    Warning (13410): Pin "if_insn[22]" is stuck at GND File: E:/FPGA/code/xSoc/chip_top/chip/cpu/ifu/ifu_top/ifu_top.v Line: 55
    Warning (13410): Pin "if_insn[23]" is stuck at GND File: E:/FPGA/code/xSoc/chip_top/chip/cpu/ifu/ifu_top/ifu_top.v Line: 55
    Warning (13410): Pin "if_insn[24]" is stuck at GND File: E:/FPGA/code/xSoc/chip_top/chip/cpu/ifu/ifu_top/ifu_top.v Line: 55
    Warning (13410): Pin "if_insn[25]" is stuck at GND File: E:/FPGA/code/xSoc/chip_top/chip/cpu/ifu/ifu_top/ifu_top.v Line: 55
    Warning (13410): Pin "if_insn[26]" is stuck at GND File: E:/FPGA/code/xSoc/chip_top/chip/cpu/ifu/ifu_top/ifu_top.v Line: 55
    Warning (13410): Pin "if_insn[27]" is stuck at GND File: E:/FPGA/code/xSoc/chip_top/chip/cpu/ifu/ifu_top/ifu_top.v Line: 55
    Warning (13410): Pin "if_insn[28]" is stuck at GND File: E:/FPGA/code/xSoc/chip_top/chip/cpu/ifu/ifu_top/ifu_top.v Line: 55
    Warning (13410): Pin "if_insn[29]" is stuck at GND File: E:/FPGA/code/xSoc/chip_top/chip/cpu/ifu/ifu_top/ifu_top.v Line: 55
    Warning (13410): Pin "if_insn[30]" is stuck at GND File: E:/FPGA/code/xSoc/chip_top/chip/cpu/ifu/ifu_top/ifu_top.v Line: 55
    Warning (13410): Pin "if_insn[31]" is stuck at GND File: E:/FPGA/code/xSoc/chip_top/chip/cpu/ifu/ifu_top/ifu_top.v Line: 55
    Warning (13410): Pin "bus_wr_data[0]" is stuck at GND File: E:/FPGA/code/xSoc/chip_top/chip/cpu/ifu/ifu_top/ifu_top.v Line: 59
    Warning (13410): Pin "bus_wr_data[1]" is stuck at GND File: E:/FPGA/code/xSoc/chip_top/chip/cpu/ifu/ifu_top/ifu_top.v Line: 59
    Warning (13410): Pin "bus_wr_data[2]" is stuck at GND File: E:/FPGA/code/xSoc/chip_top/chip/cpu/ifu/ifu_top/ifu_top.v Line: 59
    Warning (13410): Pin "bus_wr_data[3]" is stuck at GND File: E:/FPGA/code/xSoc/chip_top/chip/cpu/ifu/ifu_top/ifu_top.v Line: 59
    Warning (13410): Pin "bus_wr_data[4]" is stuck at GND File: E:/FPGA/code/xSoc/chip_top/chip/cpu/ifu/ifu_top/ifu_top.v Line: 59
    Warning (13410): Pin "bus_wr_data[5]" is stuck at GND File: E:/FPGA/code/xSoc/chip_top/chip/cpu/ifu/ifu_top/ifu_top.v Line: 59
    Warning (13410): Pin "bus_wr_data[6]" is stuck at GND File: E:/FPGA/code/xSoc/chip_top/chip/cpu/ifu/ifu_top/ifu_top.v Line: 59
    Warning (13410): Pin "bus_wr_data[7]" is stuck at GND File: E:/FPGA/code/xSoc/chip_top/chip/cpu/ifu/ifu_top/ifu_top.v Line: 59
    Warning (13410): Pin "bus_wr_data[8]" is stuck at GND File: E:/FPGA/code/xSoc/chip_top/chip/cpu/ifu/ifu_top/ifu_top.v Line: 59
    Warning (13410): Pin "bus_wr_data[9]" is stuck at GND File: E:/FPGA/code/xSoc/chip_top/chip/cpu/ifu/ifu_top/ifu_top.v Line: 59
    Warning (13410): Pin "bus_wr_data[10]" is stuck at GND File: E:/FPGA/code/xSoc/chip_top/chip/cpu/ifu/ifu_top/ifu_top.v Line: 59
    Warning (13410): Pin "bus_wr_data[11]" is stuck at GND File: E:/FPGA/code/xSoc/chip_top/chip/cpu/ifu/ifu_top/ifu_top.v Line: 59
    Warning (13410): Pin "bus_wr_data[12]" is stuck at GND File: E:/FPGA/code/xSoc/chip_top/chip/cpu/ifu/ifu_top/ifu_top.v Line: 59
    Warning (13410): Pin "bus_wr_data[13]" is stuck at GND File: E:/FPGA/code/xSoc/chip_top/chip/cpu/ifu/ifu_top/ifu_top.v Line: 59
    Warning (13410): Pin "bus_wr_data[14]" is stuck at GND File: E:/FPGA/code/xSoc/chip_top/chip/cpu/ifu/ifu_top/ifu_top.v Line: 59
    Warning (13410): Pin "bus_wr_data[15]" is stuck at GND File: E:/FPGA/code/xSoc/chip_top/chip/cpu/ifu/ifu_top/ifu_top.v Line: 59
    Warning (13410): Pin "bus_wr_data[16]" is stuck at GND File: E:/FPGA/code/xSoc/chip_top/chip/cpu/ifu/ifu_top/ifu_top.v Line: 59
    Warning (13410): Pin "bus_wr_data[17]" is stuck at GND File: E:/FPGA/code/xSoc/chip_top/chip/cpu/ifu/ifu_top/ifu_top.v Line: 59
    Warning (13410): Pin "bus_wr_data[18]" is stuck at GND File: E:/FPGA/code/xSoc/chip_top/chip/cpu/ifu/ifu_top/ifu_top.v Line: 59
    Warning (13410): Pin "bus_wr_data[19]" is stuck at GND File: E:/FPGA/code/xSoc/chip_top/chip/cpu/ifu/ifu_top/ifu_top.v Line: 59
    Warning (13410): Pin "bus_wr_data[20]" is stuck at GND File: E:/FPGA/code/xSoc/chip_top/chip/cpu/ifu/ifu_top/ifu_top.v Line: 59
    Warning (13410): Pin "bus_wr_data[21]" is stuck at GND File: E:/FPGA/code/xSoc/chip_top/chip/cpu/ifu/ifu_top/ifu_top.v Line: 59
    Warning (13410): Pin "bus_wr_data[22]" is stuck at GND File: E:/FPGA/code/xSoc/chip_top/chip/cpu/ifu/ifu_top/ifu_top.v Line: 59
    Warning (13410): Pin "bus_wr_data[23]" is stuck at GND File: E:/FPGA/code/xSoc/chip_top/chip/cpu/ifu/ifu_top/ifu_top.v Line: 59
    Warning (13410): Pin "bus_wr_data[24]" is stuck at GND File: E:/FPGA/code/xSoc/chip_top/chip/cpu/ifu/ifu_top/ifu_top.v Line: 59
    Warning (13410): Pin "bus_wr_data[25]" is stuck at GND File: E:/FPGA/code/xSoc/chip_top/chip/cpu/ifu/ifu_top/ifu_top.v Line: 59
    Warning (13410): Pin "bus_wr_data[26]" is stuck at GND File: E:/FPGA/code/xSoc/chip_top/chip/cpu/ifu/ifu_top/ifu_top.v Line: 59
    Warning (13410): Pin "bus_wr_data[27]" is stuck at GND File: E:/FPGA/code/xSoc/chip_top/chip/cpu/ifu/ifu_top/ifu_top.v Line: 59
    Warning (13410): Pin "bus_wr_data[28]" is stuck at GND File: E:/FPGA/code/xSoc/chip_top/chip/cpu/ifu/ifu_top/ifu_top.v Line: 59
    Warning (13410): Pin "bus_wr_data[29]" is stuck at GND File: E:/FPGA/code/xSoc/chip_top/chip/cpu/ifu/ifu_top/ifu_top.v Line: 59
    Warning (13410): Pin "bus_wr_data[30]" is stuck at GND File: E:/FPGA/code/xSoc/chip_top/chip/cpu/ifu/ifu_top/ifu_top.v Line: 59
    Warning (13410): Pin "bus_wr_data[31]" is stuck at GND File: E:/FPGA/code/xSoc/chip_top/chip/cpu/ifu/ifu_top/ifu_top.v Line: 59
    Warning (13410): Pin "bus_rw" is stuck at GND File: E:/FPGA/code/xSoc/chip_top/chip/cpu/ifu/ifu_top/ifu_top.v Line: 60
    Warning (13410): Pin "bus_as_" is stuck at VCC File: E:/FPGA/code/xSoc/chip_top/chip/cpu/ifu/ifu_top/ifu_top.v Line: 61
    Warning (13410): Pin "bus_addr[0]" is stuck at GND File: E:/FPGA/code/xSoc/chip_top/chip/cpu/ifu/ifu_top/ifu_top.v Line: 62
    Warning (13410): Pin "bus_addr[1]" is stuck at GND File: E:/FPGA/code/xSoc/chip_top/chip/cpu/ifu/ifu_top/ifu_top.v Line: 62
    Warning (13410): Pin "bus_addr[2]" is stuck at GND File: E:/FPGA/code/xSoc/chip_top/chip/cpu/ifu/ifu_top/ifu_top.v Line: 62
    Warning (13410): Pin "bus_addr[3]" is stuck at GND File: E:/FPGA/code/xSoc/chip_top/chip/cpu/ifu/ifu_top/ifu_top.v Line: 62
    Warning (13410): Pin "bus_addr[4]" is stuck at GND File: E:/FPGA/code/xSoc/chip_top/chip/cpu/ifu/ifu_top/ifu_top.v Line: 62
    Warning (13410): Pin "bus_addr[5]" is stuck at GND File: E:/FPGA/code/xSoc/chip_top/chip/cpu/ifu/ifu_top/ifu_top.v Line: 62
    Warning (13410): Pin "bus_addr[6]" is stuck at GND File: E:/FPGA/code/xSoc/chip_top/chip/cpu/ifu/ifu_top/ifu_top.v Line: 62
    Warning (13410): Pin "bus_addr[7]" is stuck at GND File: E:/FPGA/code/xSoc/chip_top/chip/cpu/ifu/ifu_top/ifu_top.v Line: 62
    Warning (13410): Pin "bus_addr[8]" is stuck at GND File: E:/FPGA/code/xSoc/chip_top/chip/cpu/ifu/ifu_top/ifu_top.v Line: 62
    Warning (13410): Pin "bus_addr[9]" is stuck at GND File: E:/FPGA/code/xSoc/chip_top/chip/cpu/ifu/ifu_top/ifu_top.v Line: 62
    Warning (13410): Pin "bus_addr[10]" is stuck at GND File: E:/FPGA/code/xSoc/chip_top/chip/cpu/ifu/ifu_top/ifu_top.v Line: 62
    Warning (13410): Pin "bus_addr[11]" is stuck at GND File: E:/FPGA/code/xSoc/chip_top/chip/cpu/ifu/ifu_top/ifu_top.v Line: 62
    Warning (13410): Pin "bus_addr[12]" is stuck at GND File: E:/FPGA/code/xSoc/chip_top/chip/cpu/ifu/ifu_top/ifu_top.v Line: 62
    Warning (13410): Pin "bus_addr[13]" is stuck at GND File: E:/FPGA/code/xSoc/chip_top/chip/cpu/ifu/ifu_top/ifu_top.v Line: 62
    Warning (13410): Pin "bus_addr[14]" is stuck at GND File: E:/FPGA/code/xSoc/chip_top/chip/cpu/ifu/ifu_top/ifu_top.v Line: 62
    Warning (13410): Pin "bus_addr[15]" is stuck at GND File: E:/FPGA/code/xSoc/chip_top/chip/cpu/ifu/ifu_top/ifu_top.v Line: 62
    Warning (13410): Pin "bus_addr[16]" is stuck at GND File: E:/FPGA/code/xSoc/chip_top/chip/cpu/ifu/ifu_top/ifu_top.v Line: 62
    Warning (13410): Pin "bus_addr[17]" is stuck at GND File: E:/FPGA/code/xSoc/chip_top/chip/cpu/ifu/ifu_top/ifu_top.v Line: 62
    Warning (13410): Pin "bus_addr[18]" is stuck at GND File: E:/FPGA/code/xSoc/chip_top/chip/cpu/ifu/ifu_top/ifu_top.v Line: 62
    Warning (13410): Pin "bus_addr[19]" is stuck at GND File: E:/FPGA/code/xSoc/chip_top/chip/cpu/ifu/ifu_top/ifu_top.v Line: 62
    Warning (13410): Pin "bus_addr[20]" is stuck at GND File: E:/FPGA/code/xSoc/chip_top/chip/cpu/ifu/ifu_top/ifu_top.v Line: 62
    Warning (13410): Pin "bus_addr[21]" is stuck at GND File: E:/FPGA/code/xSoc/chip_top/chip/cpu/ifu/ifu_top/ifu_top.v Line: 62
    Warning (13410): Pin "bus_addr[22]" is stuck at GND File: E:/FPGA/code/xSoc/chip_top/chip/cpu/ifu/ifu_top/ifu_top.v Line: 62
    Warning (13410): Pin "bus_addr[23]" is stuck at GND File: E:/FPGA/code/xSoc/chip_top/chip/cpu/ifu/ifu_top/ifu_top.v Line: 62
    Warning (13410): Pin "bus_addr[24]" is stuck at GND File: E:/FPGA/code/xSoc/chip_top/chip/cpu/ifu/ifu_top/ifu_top.v Line: 62
    Warning (13410): Pin "bus_addr[25]" is stuck at GND File: E:/FPGA/code/xSoc/chip_top/chip/cpu/ifu/ifu_top/ifu_top.v Line: 62
    Warning (13410): Pin "bus_addr[26]" is stuck at GND File: E:/FPGA/code/xSoc/chip_top/chip/cpu/ifu/ifu_top/ifu_top.v Line: 62
    Warning (13410): Pin "bus_addr[27]" is stuck at GND File: E:/FPGA/code/xSoc/chip_top/chip/cpu/ifu/ifu_top/ifu_top.v Line: 62
    Warning (13410): Pin "bus_addr[28]" is stuck at GND File: E:/FPGA/code/xSoc/chip_top/chip/cpu/ifu/ifu_top/ifu_top.v Line: 62
    Warning (13410): Pin "bus_addr[29]" is stuck at GND File: E:/FPGA/code/xSoc/chip_top/chip/cpu/ifu/ifu_top/ifu_top.v Line: 62
    Warning (13410): Pin "bus_req_" is stuck at VCC File: E:/FPGA/code/xSoc/chip_top/chip/cpu/ifu/ifu_top/ifu_top.v Line: 63
    Warning (13410): Pin "spm_rw" is stuck at GND File: E:/FPGA/code/xSoc/chip_top/chip/cpu/ifu/ifu_top/ifu_top.v Line: 70
    Warning (13410): Pin "spm_as_" is stuck at VCC File: E:/FPGA/code/xSoc/chip_top/chip/cpu/ifu/ifu_top/ifu_top.v Line: 71
    Warning (13410): Pin "busy" is stuck at GND File: E:/FPGA/code/xSoc/chip_top/chip/cpu/ifu/ifu_top/ifu_top.v Line: 75
Info (286030): Timing-Driven Synthesis is running
Info (17049): 2 registers lost all their fanouts during netlist optimizations.
Info (16010): Generating hard_block partition "hard_block:auto_generated_inst"
    Info (16011): Adding 0 node(s), including 0 DDIO, 0 PLL, 0 transceiver and 0 LCELL
Warning (21074): Design contains 66 input pin(s) that do not drive logic
    Warning (15610): No output dependent on input pin "bus_rd_data[1]" File: E:/FPGA/code/xSoc/chip_top/chip/cpu/ifu/ifu_top/ifu_top.v Line: 66
    Warning (15610): No output dependent on input pin "bus_rd_data[2]" File: E:/FPGA/code/xSoc/chip_top/chip/cpu/ifu/ifu_top/ifu_top.v Line: 66
    Warning (15610): No output dependent on input pin "bus_rd_data[3]" File: E:/FPGA/code/xSoc/chip_top/chip/cpu/ifu/ifu_top/ifu_top.v Line: 66
    Warning (15610): No output dependent on input pin "bus_rd_data[4]" File: E:/FPGA/code/xSoc/chip_top/chip/cpu/ifu/ifu_top/ifu_top.v Line: 66
    Warning (15610): No output dependent on input pin "bus_rd_data[5]" File: E:/FPGA/code/xSoc/chip_top/chip/cpu/ifu/ifu_top/ifu_top.v Line: 66
    Warning (15610): No output dependent on input pin "bus_rd_data[6]" File: E:/FPGA/code/xSoc/chip_top/chip/cpu/ifu/ifu_top/ifu_top.v Line: 66
    Warning (15610): No output dependent on input pin "bus_rd_data[7]" File: E:/FPGA/code/xSoc/chip_top/chip/cpu/ifu/ifu_top/ifu_top.v Line: 66
    Warning (15610): No output dependent on input pin "bus_rd_data[8]" File: E:/FPGA/code/xSoc/chip_top/chip/cpu/ifu/ifu_top/ifu_top.v Line: 66
    Warning (15610): No output dependent on input pin "bus_rd_data[9]" File: E:/FPGA/code/xSoc/chip_top/chip/cpu/ifu/ifu_top/ifu_top.v Line: 66
    Warning (15610): No output dependent on input pin "bus_rd_data[10]" File: E:/FPGA/code/xSoc/chip_top/chip/cpu/ifu/ifu_top/ifu_top.v Line: 66
    Warning (15610): No output dependent on input pin "bus_rd_data[11]" File: E:/FPGA/code/xSoc/chip_top/chip/cpu/ifu/ifu_top/ifu_top.v Line: 66
    Warning (15610): No output dependent on input pin "bus_rd_data[12]" File: E:/FPGA/code/xSoc/chip_top/chip/cpu/ifu/ifu_top/ifu_top.v Line: 66
    Warning (15610): No output dependent on input pin "bus_rd_data[13]" File: E:/FPGA/code/xSoc/chip_top/chip/cpu/ifu/ifu_top/ifu_top.v Line: 66
    Warning (15610): No output dependent on input pin "bus_rd_data[14]" File: E:/FPGA/code/xSoc/chip_top/chip/cpu/ifu/ifu_top/ifu_top.v Line: 66
    Warning (15610): No output dependent on input pin "bus_rd_data[15]" File: E:/FPGA/code/xSoc/chip_top/chip/cpu/ifu/ifu_top/ifu_top.v Line: 66
    Warning (15610): No output dependent on input pin "bus_rd_data[16]" File: E:/FPGA/code/xSoc/chip_top/chip/cpu/ifu/ifu_top/ifu_top.v Line: 66
    Warning (15610): No output dependent on input pin "bus_rd_data[17]" File: E:/FPGA/code/xSoc/chip_top/chip/cpu/ifu/ifu_top/ifu_top.v Line: 66
    Warning (15610): No output dependent on input pin "bus_rd_data[18]" File: E:/FPGA/code/xSoc/chip_top/chip/cpu/ifu/ifu_top/ifu_top.v Line: 66
    Warning (15610): No output dependent on input pin "bus_rd_data[19]" File: E:/FPGA/code/xSoc/chip_top/chip/cpu/ifu/ifu_top/ifu_top.v Line: 66
    Warning (15610): No output dependent on input pin "bus_rd_data[20]" File: E:/FPGA/code/xSoc/chip_top/chip/cpu/ifu/ifu_top/ifu_top.v Line: 66
    Warning (15610): No output dependent on input pin "bus_rd_data[21]" File: E:/FPGA/code/xSoc/chip_top/chip/cpu/ifu/ifu_top/ifu_top.v Line: 66
    Warning (15610): No output dependent on input pin "bus_rd_data[22]" File: E:/FPGA/code/xSoc/chip_top/chip/cpu/ifu/ifu_top/ifu_top.v Line: 66
    Warning (15610): No output dependent on input pin "bus_rd_data[23]" File: E:/FPGA/code/xSoc/chip_top/chip/cpu/ifu/ifu_top/ifu_top.v Line: 66
    Warning (15610): No output dependent on input pin "bus_rd_data[24]" File: E:/FPGA/code/xSoc/chip_top/chip/cpu/ifu/ifu_top/ifu_top.v Line: 66
    Warning (15610): No output dependent on input pin "bus_rd_data[25]" File: E:/FPGA/code/xSoc/chip_top/chip/cpu/ifu/ifu_top/ifu_top.v Line: 66
    Warning (15610): No output dependent on input pin "bus_rd_data[26]" File: E:/FPGA/code/xSoc/chip_top/chip/cpu/ifu/ifu_top/ifu_top.v Line: 66
    Warning (15610): No output dependent on input pin "bus_rd_data[27]" File: E:/FPGA/code/xSoc/chip_top/chip/cpu/ifu/ifu_top/ifu_top.v Line: 66
    Warning (15610): No output dependent on input pin "bus_rd_data[28]" File: E:/FPGA/code/xSoc/chip_top/chip/cpu/ifu/ifu_top/ifu_top.v Line: 66
    Warning (15610): No output dependent on input pin "bus_rd_data[29]" File: E:/FPGA/code/xSoc/chip_top/chip/cpu/ifu/ifu_top/ifu_top.v Line: 66
    Warning (15610): No output dependent on input pin "bus_rd_data[30]" File: E:/FPGA/code/xSoc/chip_top/chip/cpu/ifu/ifu_top/ifu_top.v Line: 66
    Warning (15610): No output dependent on input pin "bus_rd_data[31]" File: E:/FPGA/code/xSoc/chip_top/chip/cpu/ifu/ifu_top/ifu_top.v Line: 66
    Warning (15610): No output dependent on input pin "spm_rd_data[0]" File: E:/FPGA/code/xSoc/chip_top/chip/cpu/ifu/ifu_top/ifu_top.v Line: 69
    Warning (15610): No output dependent on input pin "spm_rd_data[1]" File: E:/FPGA/code/xSoc/chip_top/chip/cpu/ifu/ifu_top/ifu_top.v Line: 69
    Warning (15610): No output dependent on input pin "spm_rd_data[2]" File: E:/FPGA/code/xSoc/chip_top/chip/cpu/ifu/ifu_top/ifu_top.v Line: 69
    Warning (15610): No output dependent on input pin "spm_rd_data[3]" File: E:/FPGA/code/xSoc/chip_top/chip/cpu/ifu/ifu_top/ifu_top.v Line: 69
    Warning (15610): No output dependent on input pin "spm_rd_data[4]" File: E:/FPGA/code/xSoc/chip_top/chip/cpu/ifu/ifu_top/ifu_top.v Line: 69
    Warning (15610): No output dependent on input pin "spm_rd_data[5]" File: E:/FPGA/code/xSoc/chip_top/chip/cpu/ifu/ifu_top/ifu_top.v Line: 69
    Warning (15610): No output dependent on input pin "spm_rd_data[6]" File: E:/FPGA/code/xSoc/chip_top/chip/cpu/ifu/ifu_top/ifu_top.v Line: 69
    Warning (15610): No output dependent on input pin "spm_rd_data[7]" File: E:/FPGA/code/xSoc/chip_top/chip/cpu/ifu/ifu_top/ifu_top.v Line: 69
    Warning (15610): No output dependent on input pin "spm_rd_data[8]" File: E:/FPGA/code/xSoc/chip_top/chip/cpu/ifu/ifu_top/ifu_top.v Line: 69
    Warning (15610): No output dependent on input pin "spm_rd_data[9]" File: E:/FPGA/code/xSoc/chip_top/chip/cpu/ifu/ifu_top/ifu_top.v Line: 69
    Warning (15610): No output dependent on input pin "spm_rd_data[10]" File: E:/FPGA/code/xSoc/chip_top/chip/cpu/ifu/ifu_top/ifu_top.v Line: 69
    Warning (15610): No output dependent on input pin "spm_rd_data[11]" File: E:/FPGA/code/xSoc/chip_top/chip/cpu/ifu/ifu_top/ifu_top.v Line: 69
    Warning (15610): No output dependent on input pin "spm_rd_data[12]" File: E:/FPGA/code/xSoc/chip_top/chip/cpu/ifu/ifu_top/ifu_top.v Line: 69
    Warning (15610): No output dependent on input pin "spm_rd_data[13]" File: E:/FPGA/code/xSoc/chip_top/chip/cpu/ifu/ifu_top/ifu_top.v Line: 69
    Warning (15610): No output dependent on input pin "spm_rd_data[14]" File: E:/FPGA/code/xSoc/chip_top/chip/cpu/ifu/ifu_top/ifu_top.v Line: 69
    Warning (15610): No output dependent on input pin "spm_rd_data[15]" File: E:/FPGA/code/xSoc/chip_top/chip/cpu/ifu/ifu_top/ifu_top.v Line: 69
    Warning (15610): No output dependent on input pin "spm_rd_data[16]" File: E:/FPGA/code/xSoc/chip_top/chip/cpu/ifu/ifu_top/ifu_top.v Line: 69
    Warning (15610): No output dependent on input pin "spm_rd_data[17]" File: E:/FPGA/code/xSoc/chip_top/chip/cpu/ifu/ifu_top/ifu_top.v Line: 69
    Warning (15610): No output dependent on input pin "spm_rd_data[18]" File: E:/FPGA/code/xSoc/chip_top/chip/cpu/ifu/ifu_top/ifu_top.v Line: 69
    Warning (15610): No output dependent on input pin "spm_rd_data[19]" File: E:/FPGA/code/xSoc/chip_top/chip/cpu/ifu/ifu_top/ifu_top.v Line: 69
    Warning (15610): No output dependent on input pin "spm_rd_data[20]" File: E:/FPGA/code/xSoc/chip_top/chip/cpu/ifu/ifu_top/ifu_top.v Line: 69
    Warning (15610): No output dependent on input pin "spm_rd_data[21]" File: E:/FPGA/code/xSoc/chip_top/chip/cpu/ifu/ifu_top/ifu_top.v Line: 69
    Warning (15610): No output dependent on input pin "spm_rd_data[22]" File: E:/FPGA/code/xSoc/chip_top/chip/cpu/ifu/ifu_top/ifu_top.v Line: 69
    Warning (15610): No output dependent on input pin "spm_rd_data[23]" File: E:/FPGA/code/xSoc/chip_top/chip/cpu/ifu/ifu_top/ifu_top.v Line: 69
    Warning (15610): No output dependent on input pin "spm_rd_data[24]" File: E:/FPGA/code/xSoc/chip_top/chip/cpu/ifu/ifu_top/ifu_top.v Line: 69
    Warning (15610): No output dependent on input pin "spm_rd_data[25]" File: E:/FPGA/code/xSoc/chip_top/chip/cpu/ifu/ifu_top/ifu_top.v Line: 69
    Warning (15610): No output dependent on input pin "spm_rd_data[26]" File: E:/FPGA/code/xSoc/chip_top/chip/cpu/ifu/ifu_top/ifu_top.v Line: 69
    Warning (15610): No output dependent on input pin "spm_rd_data[27]" File: E:/FPGA/code/xSoc/chip_top/chip/cpu/ifu/ifu_top/ifu_top.v Line: 69
    Warning (15610): No output dependent on input pin "spm_rd_data[28]" File: E:/FPGA/code/xSoc/chip_top/chip/cpu/ifu/ifu_top/ifu_top.v Line: 69
    Warning (15610): No output dependent on input pin "spm_rd_data[29]" File: E:/FPGA/code/xSoc/chip_top/chip/cpu/ifu/ifu_top/ifu_top.v Line: 69
    Warning (15610): No output dependent on input pin "spm_rd_data[30]" File: E:/FPGA/code/xSoc/chip_top/chip/cpu/ifu/ifu_top/ifu_top.v Line: 69
    Warning (15610): No output dependent on input pin "spm_rd_data[31]" File: E:/FPGA/code/xSoc/chip_top/chip/cpu/ifu/ifu_top/ifu_top.v Line: 69
    Warning (15610): No output dependent on input pin "bus_rdy_" File: E:/FPGA/code/xSoc/chip_top/chip/cpu/ifu/ifu_top/ifu_top.v Line: 65
    Warning (15610): No output dependent on input pin "bus_rd_data[0]" File: E:/FPGA/code/xSoc/chip_top/chip/cpu/ifu/ifu_top/ifu_top.v Line: 66
    Warning (15610): No output dependent on input pin "bus_grnt_" File: E:/FPGA/code/xSoc/chip_top/chip/cpu/ifu/ifu_top/ifu_top.v Line: 64
Info (21057): Implemented 353 device resources after synthesis - the final resource count might be different
    Info (21058): Implemented 131 input pins
    Info (21059): Implemented 161 output pins
    Info (21061): Implemented 61 logic cells
Info: Quartus Prime Analysis & Synthesis was successful. 0 errors, 171 warnings
    Info: Peak virtual memory: 4787 megabytes
    Info: Processing ended: Tue Aug 18 11:39:12 2020
    Info: Elapsed time: 00:00:08
    Info: Total CPU time (on all processors): 00:00:18


